
Server arguments:
  --memory-size 1073741824
  --shared-postfix a6039d491c6ce2159869957b77576454
  --working-directory Library/DataStore
  --silent-console
  --shutdown-grace 0
  --client-process-check 0
  --uds-log-file C:/Users/kogamadsaw/My project/Logs/UDS-Service.log
  --debug-log 2
  -name
  Unity.DataStore

Initialising UDS system complete:
  - System type: Service
  - Resource namespace: a6039d491c6ce2159869957b77576454
  - Shared memory size: 1073741824
  - Command buffer id: 1052576
  - Command buffer size: 8192
  - Hashmap size: 4194304
Starting Unity Data Store Application
[Error] Failed to remove data for hash b190448450a5f507f43be5e6ae4d6147. Failure received from service
0x00007ff6321eac75 (Unity.DataStore) uds_wait_handle_complete
0x00007ff6321af835 (Unity.DataStore) uds_cleanup
0x00007ff63219edbf (Unity.DataStore) 
0x00007ff6321a000d (Unity.DataStore) 
0x00007ff6321872e5 (Unity.DataStore) 
0x00007ff63218676a (Unity.DataStore) 
0x00007ff632186a4f (Unity.DataStore) 
0x00007ff6321828b5 (Unity.DataStore) 
0x00007ff6322066f4 (Unity.DataStore) uds_wait_handle_complete
0x00007ffd2696cd87 (KERNEL32) BaseThreadInitThunk
0x00007ffd2748caec (ntdll) RtlUserThreadStart

[Error] Failed to remove data for hash b190448450a5f507f43be5e6ae4d6147. Failure received from service
0x00007ff6321eac75 (Unity.DataStore) uds_wait_handle_complete
0x00007ff6321af835 (Unity.DataStore) uds_cleanup
0x00007ff63219edbf (Unity.DataStore) 
0x00007ff6321a000d (Unity.DataStore) 
0x00007ff6321872e5 (Unity.DataStore) 
0x00007ff63218676a (Unity.DataStore) 
0x00007ff632186a4f (Unity.DataStore) 
0x00007ff6321828b5 (Unity.DataStore) 
0x00007ff6322066f4 (Unity.DataStore) uds_wait_handle_complete
0x00007ffd2696cd87 (KERNEL32) BaseThreadInitThunk
0x00007ffd2748caec (ntdll) RtlUserThreadStart

Unity Data Store Application Complete
[Warning] Shutting down service while there are still connected clients, client count = 3
Shut down UDS service system complete
