[2026-10-02T13:38:30.463Z][INFO] Command-line: 'C:\\Program Files\\Unity\\Hub\\Editor\\6000.6.0f1\\Editor\\Data\\Resources\\PackageManager\\Server\\UnityPackageManager.exe' server -s 17216 --ipc-path Unity-Upm-17216 -l 2 --log-file 'C:\\Users\\kogamadsaw\\My project/Logs/upm.log'
[2026-10-02T13:38:30.518Z][INFO] IPC server started (IPC path=Unity-Upm-17216).
[2026-10-02T13:38:30.518Z][INFO] Hint: To connect to this UPM instance, launch Unity with the command-line parameter -upmIpcPath Upm-17216.
[2026-10-02T13:38:35.797Z][INFO] project:list-packages <-- Request received
params: {}
[2026-10-02T13:38:36.511Z][INFO] project:list-packages --> 200 (714 ms)
[2026-10-02T13:38:36.766Z][INFO] config:project:get-registries <-- Request received
params: {}
[2026-10-02T13:38:36.773Z][INFO] config:project:get-registries --> 200 (7 ms)
[2026-10-02T13:38:36.795Z][INFO] project:list-packages <-- Request received
params: {}
[2026-10-02T13:38:37.096Z][INFO] project:list-packages --> 200 (300 ms)
[2026-10-02T13:38:52.800Z][INFO] project:list-packages <-- Request received
params: {}
[2026-10-02T13:38:52.854Z][INFO] project:list-packages <-- Request received
params: {}
[2026-10-02T13:38:53.093Z][INFO] project:list-packages --> 200 (293 ms)
[2026-10-02T13:38:53.180Z][INFO] project:list-packages --> 200 (326 ms)
[2026-10-02T13:38:54.044Z][INFO] project:list-packages <-- Request received
params: {}
[2026-10-02T13:38:54.186Z][INFO] project:list-packages --> 200 (142 ms)
[2026-10-02T13:38:54.314Z][INFO] config:project:get-registries <-- Request received
params: {}
[2026-10-02T13:38:54.318Z][INFO] config:project:get-registries --> 200 (4 ms)
[2026-10-02T13:38:57.802Z][INFO] project:list-packages <-- Request received
params: {}
[2026-10-02T13:38:57.976Z][INFO] project:list-packages --> 200 (174 ms)
[2026-10-02T13:38:59.446Z][INFO] packages:get-packageinfo <-- Request received
params: {
  "packageId": "com.unity.ai.assistant"
}
[2026-10-02T13:39:01.084Z][INFO] packages:get-packageinfo --> 200 (1638 ms)
[2026-10-02T13:39:03.285Z][INFO] project:list-packages <-- Request received
params: {}
[2026-10-02T13:39:03.316Z][INFO] project:list-packages <-- Request received
params: {}
[2026-10-02T13:39:03.508Z][INFO] project:list-packages --> 200 (223 ms)
[2026-10-02T13:39:03.565Z][INFO] project:list-packages --> 200 (249 ms)
[2026-10-02T13:39:04.016Z][INFO] project:list-packages <-- Request received
params: {}
[2026-10-02T13:39:04.155Z][INFO] project:list-packages --> 200 (139 ms)
[2026-10-02T13:39:04.339Z][INFO] config:project:get-registries <-- Request received
params: {}
[2026-10-02T13:39:04.342Z][INFO] config:project:get-registries --> 200 (3 ms)
[2026-10-02T13:39:07.200Z][INFO] packages:get-packageinfo <-- Request received
params: {
  "packageId": "com.unity.ai.assistant"
}
[2026-10-02T13:39:07.215Z][INFO] packages:get-packageinfo --> 200 (15 ms)
[2026-10-02T13:39:10.077Z][INFO] project:list-packages <-- Request received
params: {}
[2026-10-02T13:39:10.108Z][INFO] project:list-packages <-- Request received
params: {}
[2026-10-02T13:39:10.282Z][INFO] project:list-packages --> 200 (174 ms)
[2026-10-02T13:39:12.113Z][INFO] project:list-packages --> 200 (2036 ms)
